// Jest Snapshot v1, https://goo.gl/fbAQLP

exports[`Given a FavoritesList component renders correctly 1`] = `
<View
  style={
    Object {
      "backgroundColor": "#D3E0FF",
    }
  }
>
  <View>
    <RCTScrollView
      data={
        Array [
          Object {
            "_id": "4a3b2c1d",
            "image": Array [
              "image1",
            ],
            "recipeIngredient": Array [
              "perejil",
              "tomate",
            ],
            "title": "meat",
          },
        ]
      }
      disableVirtualization={false}
      getItem={[Function]}
      getItemCount={[Function]}
      horizontal={false}
      initialNumToRender={10}
      keyExtractor={[Function]}
      maxToRenderPerBatch={10}
      onContentSizeChange={[Function]}
      onEndReachedThreshold={2}
      onLayout={[Function]}
      onMomentumScrollEnd={[Function]}
      onScroll={[Function]}
      onScrollBeginDrag={[Function]}
      onScrollEndDrag={[Function]}
      removeClippedSubviews={false}
      renderItem={[Function]}
      scrollEventThrottle={50}
      stickyHeaderIndices={Array []}
      updateCellsBatchingPeriod={50}
      viewabilityConfigCallbackPairs={Array []}
      windowSize={21}
    >
      <View>
        <View
          onLayout={[Function]}
          style={null}
        >
          <View
            accessible={true}
            focusable={true}
            onClick={[Function]}
            onResponderGrant={[Function]}
            onResponderMove={[Function]}
            onResponderRelease={[Function]}
            onResponderTerminate={[Function]}
            onResponderTerminationRequest={[Function]}
            onStartShouldSetResponder={[Function]}
            style={
              Object {
                "backgroundColor": "white",
                "flexDirection": "column",
                "margin": 10,
                "opacity": 1,
              }
            }
          >
            <Image
              source={
                Object {
                  "uri": "image1",
                }
              }
              style={
                Object {
                  "height": 150,
                }
              }
            />
            <Text
              style={
                Object {
                  "flex": 1,
                  "flexWrap": "wrap",
                  "fontSize": 20,
                  "padding": 10,
                }
              }
            >
              meat
            </Text>
            <View
              style={
                Object {
                  "flex": 1,
                  "flexDirection": "row",
                  "justifyContent": "space-around",
                }
              }
            >
              <View>
                <Image
                  source={
                    Object {
                      "testUri": "../../../src/img/Ingredientes.jpg",
                    }
                  }
                  style={
                    Object {
                      "height": 50,
                      "width": 50,
                    }
                  }
                />
                <Text
                  style={
                    Object {
                      "flexWrap": "wrap",
                      "fontSize": 15,
                      "padding": 10,
                    }
                  }
                >
                  2
                </Text>
              </View>
              <View>
                <Image
                  source={
                    Object {
                      "testUri": "../../../src/img/herramientas-y-utensilios.png",
                    }
                  }
                  style={
                    Object {
                      "height": 50,
                      "width": 50,
                    }
                  }
                />
                <Text
                  style={
                    Object {
                      "flexWrap": "wrap",
                      "fontSize": 15,
                      "padding": 10,
                    }
                  }
                />
              </View>
              <View>
                <Image
                  source={
                    Object {
                      "testUri": "../../../src/img/duration.png",
                    }
                  }
                  style={
                    Object {
                      "height": 50,
                      "width": 50,
                    }
                  }
                />
                <Text
                  style={
                    Object {
                      "flexWrap": "wrap",
                      "fontSize": 15,
                      "padding": 10,
                    }
                  }
                />
              </View>
            </View>
            <Text
              style={
                Object {
                  "flexWrap": "wrap",
                  "fontSize": 15,
                  "padding": 10,
                }
              }
            />
          </View>
        </View>
      </View>
    </RCTScrollView>
  </View>
</View>
`;
